// Jest Snapshot v1, https://goo.gl/fbAQLP

exports[`hideText should return the CSS in JS 1`] = `
Object {
  "overflow": "hidden",
  "textIndent": "101%",
  "whiteSpace": "nowrap",
}
`;

exports[`hideText should throw a warning when called with any parameters 1`] = `Array []`;
